// Jest Snapshot v1, https://goo.gl/fbAQLP

exports[`Header Component renders correctly 1`] = `
<DocumentFragment>
  <div>
    <h1
      class="header"
      data-testid="header"
    >
      Header Page
    </h1>
  </div>
</DocumentFragment>
`;
